Analyzing product_catalog...                                    

  error - The argument type 'CardTheme' can't be assigned to the parameter type 'CardThemeData?'.  - lib\core\theme\app_theme.dart:85:20 - argument_type_not_assignable
  error - Target of URI doesn't exist: 'views/home/home_screen.dart' - lib\main.dart:6:8 - uri_does_not_exist
  error - The name 'HomeScreen' isn't a class - lib\main.dart:25:21 - creation_with_non_type
   info - 'withOpacity' is deprecated and shouldn't be used. Use .withValues() to avoid precision loss - lib\views\home\widgets\empty_state.dart:20:41 - deprecated_member_use
  error - Target of URI doesn't exist: '../../core/theme/app_theme.dart' - lib\views\home\widgets\home_screen.dart:4:8 - uri_does_not_exist
  error - Target of URI doesn't exist: '../../providers/product_provider.dart' - lib\views\home\widgets\home_screen.dart:5:8 - uri_does_not_exist
  error - Target of URI doesn't exist: '../product_form/product_form_screen.dart' - lib\views\home\widgets\home_screen.dart:6:8 - uri_does_not_exist
  error - Target of URI doesn't exist: 'widgets/empty_state.dart' - lib\views\home\widgets\home_screen.dart:7:8 - uri_does_not_exist
  error - Target of URI doesn't exist: 'widgets/loading_state.dart' - lib\views\home\widgets\home_screen.dart:8:8 - uri_does_not_exist
  error - Target of URI doesn't exist: 'widgets/product_card.dart' - lib\views\home\widgets\home_screen.dart:9:8 - uri_does_not_exist
   info - Don't use 'BuildContext's across async gaps - lib\views\home\widgets\home_screen.dart:23:13 - use_build_context_synchronously
  error - The name 'ProductProvider' isn't a type, so it can't be used as a type argument - lib\views\home\widgets\home_screen.dart:23:26 - non_type_as_type_argument
  error - The name 'ProductFormScreen' isn't a class - lib\views\home\widgets\home_screen.dart:30:47 - creation_with_non_type
  error - Undefined name 'AppTheme' - lib\views\home\widgets\home_screen.dart:37:24 - undefined_identifier
  error - Undefined name 'AppTheme' - lib\views\home\widgets\home_screen.dart:39:26 - undefined_identifier
  error - Undefined name 'AppTheme' - lib\views\home\widgets\home_screen.dart:43:46 - undefined_identifier
  error - The name 'ProductProvider' isn't a type, so it can't be used as a type argument - lib\views\home\widgets\home_screen.dart:46:20 - non_type_as_type_argument
  error - The property 'isLoading' can't be unconditionally accessed because the receiver can be 'null' - lib\views\home\widgets\home_screen.dart:50:35 - unchecked_use_of_nullable_value
  error - The property 'fetchProducts' can't be unconditionally accessed because the receiver can be 'null' - lib\views\home\widgets\home_screen.dart:50:63 - unchecked_use_of_nullable_value
  error - The name 'ProductProvider' isn't a type, so it can't be used as a type argument - lib\views\home\widgets\home_screen.dart:55:22 - non_type_as_type_argument
  error - The property 'isLoading' can't be unconditionally accessed because the receiver can be 'null' - lib\views\home\widgets\home_screen.dart:57:24 - unchecked_use_of_nullable_value
  error - The name 'LoadingState' isn't a class - lib\views\home\widgets\home_screen.dart:57:48 - creation_with_non_type
  error - The property 'hasError' can't be unconditionally accessed because the receiver can be 'null' - lib\views\home\widgets\home_screen.dart:59:24 - unchecked_use_of_nullable_value
  error - The property 'errorMessage' can't be unconditionally accessed because the receiver can be 'null' - lib\views\home\widgets\home_screen.dart:61:33 - unchecked_use_of_nullable_value
  error - The property 'fetchProducts' can't be unconditionally accessed because the receiver can be 'null' - lib\views\home\widgets\home_screen.dart:62:33 - unchecked_use_of_nullable_value
  error - The property 'isEmpty' can't be unconditionally accessed because the receiver can be 'null' - lib\views\home\widgets\home_screen.dart:66:24 - unchecked_use_of_nullable_value
  error - The method 'EmptyState' isn't defined for the type '_HomeScreenState' - lib\views\home\widgets\home_screen.dart:67:20 - undefined_method
  error - Undefined name 'AppTheme' - lib\views\home\widgets\home_screen.dart:71:20 - undefined_identifier
  error - The property 'fetchProducts' can't be unconditionally accessed because the receiver can be 'null' - lib\views\home\widgets\home_screen.dart:72:33 - unchecked_use_of_nullable_value
  error - The property 'products' can't be unconditionally accessed because the receiver can be 'null' - lib\views\home\widgets\home_screen.dart:75:35 - unchecked_use_of_nullable_value
  error - The property 'products' can't be unconditionally accessed because the receiver can be 'null' - lib\views\home\widgets\home_screen.dart:77:36 - unchecked_use_of_nullable_value
  error - The method 'ProductCard' isn't defined for the type '_HomeScreenState' - lib\views\home\widgets\home_screen.dart:78:24 - undefined_method
  error - Undefined name 'AppTheme' - lib\views\home\widgets\home_screen.dart:110:24 - undefined_identifier
  error - Invalid constant value - lib\views\home\widgets\home_screen.dart:114:36 - invalid_constant
  error - Undefined name 'AppTheme' - lib\views\home\widgets\home_screen.dart:114:36 - undefined_identifier
  error - Invalid constant value - lib\views\home\widgets\home_screen.dart:117:55 - invalid_constant
  error - Undefined name 'AppTheme' - lib\views\home\widgets\home_screen.dart:117:55 - undefined_identifier
  error - Undefined name 'AppTheme' - lib\views\home\widgets\home_screen.dart:120:24 - undefined_identifier
   info - 'withOpacity' is deprecated and shouldn't be used. Use .withValues() to avoid precision loss - lib\views\home\widgets\product_card.dart:68:39 - deprecated_member_use
   info - 'withOpacity' is deprecated and shouldn't be used. Use .withValues() to avoid precision loss - lib\views\home\widgets\product_card.dart:144:26 - deprecated_member_use
   info - 'withOpacity' is deprecated and shouldn't be used. Use .withValues() to avoid precision loss - lib\views\product_form\product_form_screen.dart:88:43 - deprecated_member_use
   info - 'withOpacity' is deprecated and shouldn't be used. Use .withValues() to avoid precision loss - lib\views\product_form\product_form_screen.dart:91:47 - deprecated_member_use
   info - 'withOpacity' is deprecated and shouldn't be used. Use .withValues() to avoid precision loss - lib\views\product_form\product_form_screen.dart:99:49 - deprecated_member_use
  error - The name 'MyApp' isn't a class - test\widget_test.dart:16:35 - creation_with_non_type

flutter : 44 issues found. (ran in 2.5s)
At line:1 char:1
+ flutter analyze > errors.txt 2>&1; cat errors.txt
+ ~~~~~~~~~~~~~~~~~~~~~~~~~~~~~~~~~
    + CategoryInfo          : NotSpecified: (44 issues found. (ran in 2.5s):String) [], RemoteException
    + FullyQualifiedErrorId : NativeCommandError
 
